> Task :app:preBuild UP-TO-DATE
> Task :app:preDebugBuild UP-TO-DATE
> Task :app:mergeDebugNativeDebugMetadata NO-SOURCE
> Task :app:checkKotlinGradlePluginConfigurationErrors SKIPPED
> Task :app:dataBindingMergeDependencyArtifactsDebug UP-TO-DATE
> Task :app:generateDebugResValues UP-TO-DATE
> Task :app:generateDebugResources UP-TO-DATE
> Task :app:mergeDebugResources UP-TO-DATE
> Task :app:packageDebugResources UP-TO-DATE
> Task :app:parseDebugLocalResources UP-TO-DATE
> Task :app:dataBindingGenBaseClassesDebug UP-TO-DATE
> Task :app:checkDebugAarMetadata UP-TO-DATE
> Task :app:mapDebugSourceSetPaths UP-TO-DATE
> Task :app:createDebugCompatibleScreenManifests UP-TO-DATE
> Task :app:extractDeepLinksDebug UP-TO-DATE
> Task :app:processDebugMainManifest UP-TO-DATE
> Task :app:processDebugManifest UP-TO-DATE
> Task :app:processDebugManifestForPackage UP-TO-DATE
> Task :app:processDebugResources UP-TO-DATE
> Task :app:kaptGenerateStubsDebugKotlin UP-TO-DATE
> Task :app:kaptDebugKotlin UP-TO-DATE
> Task :app:javaPreCompileDebug UP-TO-DATE
> Task :app:mergeDebugShaders UP-TO-DATE
> Task :app:compileDebugShaders NO-SOURCE
> Task :app:generateDebugAssets UP-TO-DATE
> Task :app:mergeDebugAssets UP-TO-DATE
> Task :app:compressDebugAssets UP-TO-DATE
> Task :app:desugarDebugFileDependencies UP-TO-DATE
> Task :app:checkDebugDuplicateClasses UP-TO-DATE
> Task :app:mergeExtDexDebug UP-TO-DATE
> Task :app:mergeLibDexDebug UP-TO-DATE
> Task :app:mergeDebugJniLibFolders UP-TO-DATE
> Task :app:mergeDebugNativeLibs UP-TO-DATE
> Task :app:stripDebugDebugSymbols UP-TO-DATE
> Task :app:validateSigningDebug UP-TO-DATE
> Task :app:writeDebugAppMetadata UP-TO-DATE
> Task :app:writeDebugSigningConfigVersions UP-TO-DATE

> Task :app:compileDebugKotlin FAILED
e: file:///C:/wamp/www/inmejorable/ElInmejorableTV/app/src/main/java/com/elinmejorabletv/ui/common/extensions/ViewExtensions.kt:6:12 Unresolved reference 'bumptech'.
e: file:///C:/wamp/www/inmejorable/ElInmejorableTV/app/src/main/java/com/elinmejorabletv/ui/common/extensions/ViewExtensions.kt:7:12 Unresolved reference 'bumptech'.
e: file:///C:/wamp/www/inmejorable/ElInmejorableTV/app/src/main/java/com/elinmejorabletv/ui/common/extensions/ViewExtensions.kt:23:5 Unresolved reference 'Glide'.
e: file:///C:/wamp/www/inmejorable/ElInmejorableTV/app/src/main/java/com/elinmejorabletv/ui/common/extensions/ViewExtensions.kt:25:21 Unresolved reference 'DrawableTransitionOptions'.
e: file:///C:/wamp/www/inmejorable/ElInmejorableTV/app/src/main/java/com/elinmejorabletv/ui/common/extensions/ViewExtensions.kt:32:5 Unresolved reference 'Glide'.
e: file:///C:/wamp/www/inmejorable/ElInmejorableTV/app/src/main/java/com/elinmejorabletv/ui/common/extensions/ViewExtensions.kt:35:21 Unresolved reference 'DrawableTransitionOptions'.
e: file:///C:/wamp/www/inmejorable/ElInmejorableTV/app/src/main/java/com/elinmejorabletv/ui/theme/Theme.kt:8:31 This tv-material API is experimental and likely to change or be removed in the future.
e: file:///C:/wamp/www/inmejorable/ElInmejorableTV/app/src/main/java/com/elinmejorabletv/ui/theme/Theme.kt:12:18 Unresolved reference 'Color'.
e: file:///C:/wamp/www/inmejorable/ElInmejorableTV/app/src/main/java/com/elinmejorabletv/ui/theme/Theme.kt:13:15 Unresolved reference 'Color'.
e: file:///C:/wamp/www/inmejorable/ElInmejorableTV/app/src/main/java/com/elinmejorabletv/ui/tv/TvMainActivity.kt:6:34 Unresolved reference 'setContent'.
e: file:///C:/wamp/www/inmejorable/ElInmejorableTV/app/src/main/java/com/elinmejorabletv/ui/tv/TvMainActivity.kt:38:7 Redeclaration:
class TvPlayerActivity : Any
e: file:///C:/wamp/www/inmejorable/ElInmejorableTV/app/src/main/java/com/elinmejorabletv/ui/tv/TvMainActivity.kt:47:9 Unresolved reference 'setContent'.
e: file:///C:/wamp/www/inmejorable/ElInmejorableTV/app/src/main/java/com/elinmejorabletv/ui/tv/TvMainActivity.kt:48:13 @Composable invocations can only happen from the context of a @Composable function
e: file:///C:/wamp/www/inmejorable/ElInmejorableTV/app/src/main/java/com/elinmejorabletv/ui/tv/TvPlayerActivity.kt:3:7 Redeclaration:
class TvPlayerActivity : ComponentActivity
e: file:///C:/wamp/www/inmejorable/ElInmejorableTV/app/src/main/java/com/elinmejorabletv/ui/tv/components/ChannelCard.kt:47:17 Argument type mismatch: actual type is 'androidx.compose.foundation.shape.RoundedCornerShape', but 'androidx.tv.material3.CardShape' was expected.
e: file:///C:/wamp/www/inmejorable/ElInmejorableTV/app/src/main/java/com/elinmejorabletv/ui/tv/components/ChannelCard.kt:54:18 Argument type mismatch: actual type is 'androidx.compose.foundation.BorderStroke', but 'androidx.tv.material3.CardBorder' was expected.
e: file:///C:/wamp/www/inmejorable/ElInmejorableTV/app/src/main/java/com/elinmejorabletv/ui/tv/components/ChannelCard.kt:56:9 @Composable invocations can only happen from the context of a @Composable function
e: file:///C:/wamp/www/inmejorable/ElInmejorableTV/app/src/main/java/com/elinmejorabletv/ui/tv/components/SideNavigation.kt:129:13 No parameter with name 'unselectedContainerColor' found.
e: file:///C:/wamp/www/inmejorable/ElInmejorableTV/app/src/main/java/com/elinmejorabletv/ui/tv/components/SideNavigation.kt:130:13 No parameter with name 'selectedHeadlineContentColor' found.
e: file:///C:/wamp/www/inmejorable/ElInmejorableTV/app/src/main/java/com/elinmejorabletv/ui/tv/components/SideNavigation.kt:131:13 No parameter with name 'unselectedHeadlineContentColor' found.
e: file:///C:/wamp/www/inmejorable/ElInmejorableTV/app/src/main/java/com/elinmejorabletv/ui/tv/components/TrackDetails.kt:102:9 This tv-material API is experimental and likely to change or be removed in the future.
e: file:///C:/wamp/www/inmejorable/ElInmejorableTV/app/src/main/java/com/elinmejorabletv/utils/TrackParcelableUtils.kt:8:48 Unresolved reference 'TrackParcelable'.
e: file:///C:/wamp/www/inmejorable/ElInmejorableTV/app/src/main/java/com/elinmejorabletv/utils/TrackParcelableUtils.kt:9:33 Unresolved reference 'TrackParcelable'.

FAILURE: Build failed with an exception.

* What went wrong:
Execution failed for task ':app:compileDebugKotlin'.
> A failure occurred while executing org.jetbrains.kotlin.compilerRunner.GradleCompilerRunnerWithWorkers$GradleKotlinCompilerWorkAction
   > Compilation error. See log for more details

* Try:
> Run with --stacktrace option to get the stack trace.
> Run with --info or --debug option to get more log output.
> Run with --scan to get full insights.
> Get more help at https://help.gradle.org.

BUILD FAILED in 2s
32 actionable tasks: 1 executed, 31 up-to-date
